
     Program PROJWFC v.6.8 starts on  2Nov2021 at  0: 4:55 

     This program is part of the open-source Quantum ESPRESSO suite
     for quantum simulation of materials; please cite
         "P. Giannozzi et al., J. Phys.:Condens. Matter 21 395502 (2009);
         "P. Giannozzi et al., J. Phys.:Condens. Matter 29 465901 (2017);
         "P. Giannozzi et al., J. Chem. Phys. 152 154105 (2020);
          URL http://www.quantum-espresso.org", 
     in publications or presentations arising from this work. More details at
     http://www.quantum-espresso.org/quote

     Parallel version (MPI), running on     1 processors

     MPI processes distributed on     1 nodes
     14241 MiB available memory on the printing compute node when the environment starts


     Reading xml data from directory:

     ./out/aiida.save/
     Message from routine qexsd_readschema :
     input info not found or not readable in xml file

     IMPORTANT: XC functional enforced from input :
     Exchange-correlation= PBE
                           (   1   4   3   4   0   0   0)
     Any further DFT definition will be discarded
     Please, verify this is what you really want


     G-vector sticks info
     --------------------
     sticks:   dense  smooth     PW     G-vecs:    dense   smooth      PW
     Sum         421     421    139                 5601     5601    1067

     Using Slab Decomposition


     Gaussian broadening (read from file): ngauss,degauss=  -1    0.010000


     Calling projwave .... 

     Subspace diagonalization in iterative solution of the eigenvalue problem:
     a serial algorithm will be used
